// Jest Snapshot v1, https://goo.gl/fbAQLP

exports[`Analytics Status should show access 1`] = `
<div>
  <div
    class="Skeleton___StyledDiv-sc-vmp43t-0 fOItRj"
  >
    <div
      class="sc-bdnxRM Stats___StyledCard-sc-1bbp4h3-0 YHPbv irAMoJ"
    >
      <div
        class="Stats___StyledDiv-sc-1bbp4h3-1 bRvies"
      >
        <div
          class="Skeleton___StyledDiv-sc-lwldx-4 jDHENG"
        >
          <div
            class="Skeleton__TextLine-sc-lwldx-0 Skeleton___StyledTextLine-sc-lwldx-3 bhtXAR fYewdA"
          />
          <div
            class="Skeleton___StyledDiv2-sc-lwldx-5 fJpFce"
          >
            <div
              class="Skeleton__TextLine-sc-lwldx-0 Skeleton___StyledTextLine2-sc-lwldx-2 bhtXAR bkepcT"
            />
            <div
              class="Skeleton__TextLine-sc-lwldx-0 Skeleton___StyledTextLine3-sc-lwldx-1 bhtXAR bWmReg"
            />
          </div>
        </div>
        <div
          class="Skeleton___StyledDiv-sc-lwldx-4 jDHENG"
        >
          <div
            class="Skeleton__TextLine-sc-lwldx-0 Skeleton___StyledTextLine-sc-lwldx-3 bhtXAR fYewdA"
          />
          <div
            class="Skeleton___StyledDiv2-sc-lwldx-5 fJpFce"
          >
            <div
              class="Skeleton__TextLine-sc-lwldx-0 Skeleton___StyledTextLine2-sc-lwldx-2 bhtXAR bkepcT"
            />
            <div
              class="Skeleton__TextLine-sc-lwldx-0 Skeleton___StyledTextLine3-sc-lwldx-1 bhtXAR bWmReg"
            />
          </div>
        </div>
        <div
          class="Skeleton___StyledDiv-sc-lwldx-4 jDHENG"
        >
          <div
            class="Skeleton__TextLine-sc-lwldx-0 Skeleton___StyledTextLine-sc-lwldx-3 bhtXAR fYewdA"
          />
          <div
            class="Skeleton___StyledDiv2-sc-lwldx-5 fJpFce"
          >
            <div
              class="Skeleton__TextLine-sc-lwldx-0 Skeleton___StyledTextLine2-sc-lwldx-2 bhtXAR bkepcT"
            />
            <div
              class="Skeleton__TextLine-sc-lwldx-0 Skeleton___StyledTextLine3-sc-lwldx-1 bhtXAR bWmReg"
            />
          </div>
        </div>
        <div
          class="Skeleton___StyledDiv-sc-lwldx-4 jDHENG"
        >
          <div
            class="Skeleton__TextLine-sc-lwldx-0 Skeleton___StyledTextLine-sc-lwldx-3 bhtXAR fYewdA"
          />
          <div
            class="Skeleton___StyledDiv2-sc-lwldx-5 fJpFce"
          >
            <div
              class="Skeleton__TextLine-sc-lwldx-0 Skeleton___StyledTextLine2-sc-lwldx-2 bhtXAR bkepcT"
            />
            <div
              class="Skeleton__TextLine-sc-lwldx-0 Skeleton___StyledTextLine3-sc-lwldx-1 bhtXAR bWmReg"
            />
          </div>
        </div>
      </div>
    </div>
  </div>
</div>
`;
