// Jest Snapshot v1, https://goo.gl/fbAQLP

exports[`Analytics Status should show access 1`] = `
<div>
  <div
    class="Skeleton___StyledDiv-sc-kwhm1a-0 fwAjFi"
  >
    <div
      class="sc-bdnxRM Stats___StyledCard-sc-1kxcxuh-0 YHPbv gaHIkj"
    >
      <div
        class="Stats___StyledDiv-sc-1kxcxuh-1 hQrlrK"
      >
        <div
          class="Skeleton___StyledDiv-sc-1c2459k-4 eYnWRy"
        >
          <div
            class="Skeleton__TextLine-sc-1c2459k-0 Skeleton___StyledTextLine-sc-1c2459k-3 dNucIZ gLfvAw"
          />
          <div
            class="Skeleton___StyledDiv2-sc-1c2459k-5 iVxWbW"
          >
            <div
              class="Skeleton__TextLine-sc-1c2459k-0 Skeleton___StyledTextLine2-sc-1c2459k-2 dNucIZ KMEof"
            />
            <div
              class="Skeleton__TextLine-sc-1c2459k-0 Skeleton___StyledTextLine3-sc-1c2459k-1 dNucIZ iqIIgM"
            />
          </div>
        </div>
        <div
          class="Skeleton___StyledDiv-sc-1c2459k-4 eYnWRy"
        >
          <div
            class="Skeleton__TextLine-sc-1c2459k-0 Skeleton___StyledTextLine-sc-1c2459k-3 dNucIZ gLfvAw"
          />
          <div
            class="Skeleton___StyledDiv2-sc-1c2459k-5 iVxWbW"
          >
            <div
              class="Skeleton__TextLine-sc-1c2459k-0 Skeleton___StyledTextLine2-sc-1c2459k-2 dNucIZ KMEof"
            />
            <div
              class="Skeleton__TextLine-sc-1c2459k-0 Skeleton___StyledTextLine3-sc-1c2459k-1 dNucIZ iqIIgM"
            />
          </div>
        </div>
        <div
          class="Skeleton___StyledDiv-sc-1c2459k-4 eYnWRy"
        >
          <div
            class="Skeleton__TextLine-sc-1c2459k-0 Skeleton___StyledTextLine-sc-1c2459k-3 dNucIZ gLfvAw"
          />
          <div
            class="Skeleton___StyledDiv2-sc-1c2459k-5 iVxWbW"
          >
            <div
              class="Skeleton__TextLine-sc-1c2459k-0 Skeleton___StyledTextLine2-sc-1c2459k-2 dNucIZ KMEof"
            />
            <div
              class="Skeleton__TextLine-sc-1c2459k-0 Skeleton___StyledTextLine3-sc-1c2459k-1 dNucIZ iqIIgM"
            />
          </div>
        </div>
        <div
          class="Skeleton___StyledDiv-sc-1c2459k-4 eYnWRy"
        >
          <div
            class="Skeleton__TextLine-sc-1c2459k-0 Skeleton___StyledTextLine-sc-1c2459k-3 dNucIZ gLfvAw"
          />
          <div
            class="Skeleton___StyledDiv2-sc-1c2459k-5 iVxWbW"
          >
            <div
              class="Skeleton__TextLine-sc-1c2459k-0 Skeleton___StyledTextLine2-sc-1c2459k-2 dNucIZ KMEof"
            />
            <div
              class="Skeleton__TextLine-sc-1c2459k-0 Skeleton___StyledTextLine3-sc-1c2459k-1 dNucIZ iqIIgM"
            />
          </div>
        </div>
      </div>
    </div>
  </div>
</div>
`;
